../Core/Src/main.c:46:6:btn_release_callback	16	static
../Core/Src/main.c:49:6:btn_press_short_callback	16	static
../Core/Src/main.c:52:6:btn_press_timeout_callback	16	static
../Core/Src/main.c:56:6:btn_pressing_callback	16	static
../Core/Src/main.c:71:6:led1Blink1Hz	8	static
../Core/Src/main.c:78:6:led2Blink5Hz	8	static
../Core/Src/main.c:85:6:lefOff	8	static
../Core/Src/main.c:90:6:led_handle	8	static
../Core/Src/main.c:127:5:main	8	static
../Core/Src/main.c:176:6:SystemClock_Config	72	static
../Core/Src/main.c:215:13:MX_GPIO_Init	32	static
../Core/Src/main.c:255:6:Error_Handler	4	static,ignoring_inline_asm
