16:10:45 **** Incremental Build of configuration Debug for project ADC_Single ****
make -j12 all 
arm-none-eabi-gcc "../Core/Src/main.c" -mcpu=cortex-m3 -std=gnu11 -g3 -DDEBUG -DUSE_HAL_DRIVER -DSTM32F103xB -c -I../Core/Inc -I../Drivers/STM32F1xx_HAL_Driver/Inc/Legacy -I../Drivers/STM32F1xx_HAL_Driver/Inc -I../Drivers/CMSIS/Device/ST/STM32F1xx/Include -I../Drivers/CMSIS/Include -O0 -ffunction-sections -fdata-sections -Wall -fstack-usage -fcyclomatic-complexity -MMD -MP -MF"Core/Src/main.d" -MT"Core/Src/main.o" --specs=nano.specs -mfloat-abi=soft -mthumb -o "Core/Src/main.o"
arm-none-eabi-gcc -o "ADC_Single.elf" @"objects.list"   -mcpu=cortex-m3 -T"D:\STM32\ADC\STM32F103C8TX_FLASH.ld" --specs=nosys.specs -Wl,-Map="ADC_Single.map" -Wl,--gc-sections -static --specs=nano.specs -mfloat-abi=soft -mthumb -Wl,--start-group -lc -lm -Wl,--end-group
Finished building target: ADC_Single.elf
 
arm-none-eabi-size  ADC_Single.elf 
arm-none-eabi-objdump -h -S ADC_Single.elf  > "ADC_Single.list"
   text	   data	    bss	    dec	    hex	filename
   8208	     12	   1620	   9840	   2670	ADC_Single.elf
Finished building: default.size.stdout
 
Finished building: ADC_Single.list
 

16:10:46 Build Finished. 0 errors, 0 warnings. (took 649ms)

