15:36:03 **** Incremental Build of configuration Debug for project Control_Servo_By_PWM ****
make -j12 all 
arm-none-eabi-gcc "../Core/Src/main.c" -mcpu=cortex-m3 -std=gnu11 -g3 -DDEBUG -DUSE_HAL_DRIVER -DSTM32F103xB -c -I../Core/Inc -I../Drivers/STM32F1xx_HAL_Driver/Inc/Legacy -I../Drivers/STM32F1xx_HAL_Driver/Inc -I../Drivers/CMSIS/Device/ST/STM32F1xx/Include -I../Drivers/CMSIS/Include -I"D:/STM32/Control_Engine_By_PWM/MyLibs" -O0 -ffunction-sections -fdata-sections -Wall -fstack-usage -fcyclomatic-complexity -MMD -MP -MF"Core/Src/main.d" -MT"Core/Src/main.o" --specs=nano.specs -mfloat-abi=soft -mthumb -o "Core/Src/main.o"
arm-none-eabi-gcc -o "Control_Servo_By_PWM.elf" @"objects.list"   -mcpu=cortex-m3 -T"D:\STM32\Control_Engine_By_PWM\STM32F103C8TX_FLASH.ld" --specs=nosys.specs -Wl,-Map="Control_Servo_By_PWM.map" -Wl,--gc-sections -static --specs=nano.specs -mfloat-abi=soft -mthumb -Wl,--start-group -lc -lm -Wl,--end-group
Finished building target: Control_Servo_By_PWM.elf
 
arm-none-eabi-size  Control_Servo_By_PWM.elf 
arm-none-eabi-objdump -h -S Control_Servo_By_PWM.elf  > "Control_Servo_By_PWM.list"
   text	   data	    bss	    dec	    hex	filename
   8176	     12	   1652	   9840	   2670	Control_Servo_By_PWM.elf
Finished building: default.size.stdout
 
Finished building: Control_Servo_By_PWM.list
 

15:36:04 Build Finished. 0 errors, 0 warnings. (took 648ms)

