13:22:54 **** Incremental Build of configuration Debug for project UART_test ****
make -j12 all 
arm-none-eabi-gcc "../Core/Src/main.c" -mcpu=cortex-m3 -std=gnu11 -g3 -DDEBUG -DUSE_HAL_DRIVER -DSTM32F103xB -c -I../Core/Inc -I../Drivers/STM32F1xx_HAL_Driver/Inc/Legacy -I../Drivers/STM32F1xx_HAL_Driver/Inc -I../Drivers/CMSIS/Device/ST/STM32F1xx/Include -I../Drivers/CMSIS/Include -O0 -ffunction-sections -fdata-sections -Wall -fstack-usage -fcyclomatic-complexity -MMD -MP -MF"Core/Src/main.d" -MT"Core/Src/main.o" --specs=nano.specs -mfloat-abi=soft -mthumb -o "Core/Src/main.o"
arm-none-eabi-gcc -o "UART_test.elf" @"objects.list"   -mcpu=cortex-m3 -T"D:\STM32\UART_test\STM32F103C8TX_FLASH.ld" --specs=nosys.specs -Wl,-Map="UART_test.map" -Wl,--gc-sections -static -u _printf_float --specs=nano.specs -mfloat-abi=soft -mthumb -Wl,--start-group -lc -lm -Wl,--end-group
Finished building target: UART_test.elf
 
arm-none-eabi-size  UART_test.elf 
arm-none-eabi-objdump -h -S UART_test.elf  > "UART_test.list"
   text	   data	    bss	    dec	    hex	filename
  22344	    468	   1980	  24792	   60d8	UART_test.elf
Finished building: default.size.stdout
 
Finished building: UART_test.list
 
13:22:57 **** Incremental Build of configuration Debug for project UART_test ****
make -j12 all 
arm-none-eabi-size  UART_test.elf 
   text	   data	    bss	    dec	    hex	filename
  22344	    468	   1980	  24792	   60d8	UART_test.elf
Finished building: default.size.stdout
 
13:27:06 **** Incremental Build of configuration Debug for project UART_test ****
make -j12 all 
arm-none-eabi-size  UART_test.elf 
   text	   data	    bss	    dec	    hex	filename
  22344	    468	   1980	  24792	   60d8	UART_test.elf
Finished building: default.size.stdout
 
13:28:53 **** Incremental Build of configuration Debug for project UART_test ****
make -j12 all 
arm-none-eabi-size  UART_test.elf 
   text	   data	    bss	    dec	    hex	filename
  22344	    468	   1980	  24792	   60d8	UART_test.elf
Finished building: default.size.stdout
 
