16:03:01 **** Incremental Build of configuration Debug for project Timer_And_Timer_Interrupt ****
make -j12 all 
arm-none-eabi-gcc "../Core/Src/main.c" -mcpu=cortex-m3 -std=gnu11 -g3 -DDEBUG -DUSE_HAL_DRIVER -DSTM32F103xB -c -I../Core/Inc -I../Drivers/STM32F1xx_HAL_Driver/Inc/Legacy -I../Drivers/STM32F1xx_HAL_Driver/Inc -I../Drivers/CMSIS/Device/ST/STM32F1xx/Include -I../Drivers/CMSIS/Include -O0 -ffunction-sections -fdata-sections -Wall -fstack-usage -fcyclomatic-complexity -MMD -MP -MF"Core/Src/main.d" -MT"Core/Src/main.o" --specs=nano.specs -mfloat-abi=soft -mthumb -o "Core/Src/main.o"
arm-none-eabi-gcc -o "Timer_And_Timer_Interrupt.elf" @"objects.list"   -mcpu=cortex-m3 -T"D:\STM32\Timer_And_Timer_Interrupt\STM32F103C8TX_FLASH.ld" --specs=nosys.specs -Wl,-Map="Timer_And_Timer_Interrupt.map" -Wl,--gc-sections -static --specs=nano.specs -mfloat-abi=soft -mthumb -Wl,--start-group -lc -lm -Wl,--end-group
Finished building target: Timer_And_Timer_Interrupt.elf
 
arm-none-eabi-size  Timer_And_Timer_Interrupt.elf 
arm-none-eabi-objdump -h -S Timer_And_Timer_Interrupt.elf  > "Timer_And_Timer_Interrupt.list"
   text	   data	    bss	    dec	    hex	filename
   7332	     12	   1716	   9060	   2364	Timer_And_Timer_Interrupt.elf
Finished building: default.size.stdout
 
Finished building: Timer_And_Timer_Interrupt.list
 

16:03:02 Build Finished. 0 errors, 0 warnings. (took 701ms)

